// Jest Snapshot v1, https://goo.gl/fbAQLP

exports[`renders app component 1`] = `
<div>
  <div
    class="app"
    role="main"
  >
    <header
      class="app-header"
    >
      <img
        alt="The Lando Way Logo with Motto"
        class="app-logo"
        src="test-file-stub"
      />
      <p>
        A playbook to tackle problems @home and @work.
      </p>
    </header>
  </div>
</div>
`;
